<html>
<body>
<pre>
<h1>µVision Build Log</h1>
<h2>Tool Versions:</h2>
IDE-Version: µVision V5.24.2.0
Copyright (C) 2017 ARM Ltd and ARM Germany GmbH. All rights reserved.
License Information: vdfv dvdv, fvfv, LIC=----
 
Tool Versions:
Toolchain:       MDK-Lite  Version: 5.24.1
Toolchain Path:  C:\Keil_v5\ARM\ARMCC\Bin
C Compiler:      Armcc.exe V5.06 update 5 (build 528)
Assembler:       Armasm.exe V5.06 update 5 (build 528)
Linker/Locator:  ArmLink.exe V5.06 update 5 (build 528)
Library Manager: ArmAr.exe V5.06 update 5 (build 528)
Hex Converter:   FromElf.exe V5.06 update 5 (build 528)
CPU DLL:         SARMCM3.DLL V5.24.1
Dialog DLL:      DCM.DLL V1.16.0.0
Target DLL:      UL2CM3.DLL V1.160.3.0
Dialog DLL:      TCM.DLL V1.32.0.0
 
<h2>Project:</h2>
C:\Users\YkUk\Documents\melt 5x8\melt.uvprojx
Project File Date:  12/08/2023

<h2>Output:</h2>
*** Using Compiler 'V5.06 update 5 (build 528)', folder: 'C:\Keil_v5\ARM\ARMCC\Bin'
Build target 'Target 1'
compiling main.c...
main.c(4): warning:  #951-D: return type of function "main" must be "int"
  void main(void) {
main.c(9): warning:  #1-D: last line of file ends without a newline
  }
main.c: 2 warnings, 0 errors
linking...
Program Size: Code=952 RO-data=224 RW-data=4 ZI-data=1636  
".\Objects\melt.axf" - 0 Error(s), 2 Warning(s).

<h2>Software Packages used:</h2>

Package Vendor: ARM
                http://www.keil.com/pack/ARM.CMSIS.5.0.1.pack
                ARM.CMSIS.5.0.1
                CMSIS (Cortex Microcontroller Software Interface Standard)
   * Component: CORE Version: 5.0.1

Package Vendor: Keil
                http://www.keil.com/pack/Keil.MDR1986BExx.1.5.3.pack
                Keil.MDR1986BExx.1.5.3
                Milandr MDR1986BExx Series Device Support, Drivers and Examples
   * Component: RST_CLK Version: 1.5
   * Component: PORT Version: 1.5
   * Component: Startup Version: 1.5

<h2>Collection of Component include folders:</h2>
  .\RTE\Device\MDR1986BE92
  .\RTE\_Target_1
  C:\Keil_v5\ARM\PACK\ARM\CMSIS\5.0.1\CMSIS\Include
  C:\Keil_v5\ARM\PACK\Keil\MDR1986BExx\1.5.3\Libraries\CMSIS\CM3\CoreSupport
  C:\Keil_v5\ARM\PACK\Keil\MDR1986BExx\1.5.3\Libraries\CMSIS\CM3\DeviceSupport\MDR32F9Qx\inc
  C:\Keil_v5\ARM\PACK\Keil\MDR1986BExx\1.5.3\Libraries\MDR32F9Qx_StdPeriph_Driver\inc

<h2>Collection of Component Files used:</h2>

   * Component: Keil::Drivers:RST_CLK:1.5
      Source file:   Libraries\MDR32F9Qx_StdPeriph_Driver\src\MDR32F9Qx_rst_clk.c
      Include file:  Libraries\MDR32F9Qx_StdPeriph_Driver\inc\MDR32F9Qx_rst_clk.h

   * Component: Keil::Drivers:PORT:1.5
      Source file:   Libraries\MDR32F9Qx_StdPeriph_Driver\src\MDR32F9Qx_port.c
      Include file:  Libraries\MDR32F9Qx_StdPeriph_Driver\inc\MDR32F9Qx_port.h

   * Component: Keil::Device:Startup:1.5
      Source file:   Libraries\CMSIS\CM3\DeviceSupport\MDR32F9Qx\startup\arm\system_MDR32F9Qx.c
      Include file:  Libraries\CMSIS\CM3\CoreSupport\core_cm3.h
      Include file:  Libraries\CMSIS\CM3\DeviceSupport\MDR32F9Qx\startup\arm\system_MDR32F9Qx.h
      Source file:   Libraries\CMSIS\CM3\DeviceSupport\MDR32F9Qx\startup\arm\startup_MDR32F9Qx.s
      Include file:  Config\MDR32F9Qx_config.h

   * Component: ARM::CMSIS:CORE:5.0.1
Build Time Elapsed:  00:00:00
</pre>
</body>
</html>
